reboot

Broadcast message from root@beaglebone (ttyO0) (Thu Oct 16 14:15:48 2014):
The system is going down for reboot NOW!
root@beaglebone:~# Stopping /media/BEAGLEBONE...                                                  
Stopping /media/rootfs...                                                      
Stopping Storage Daemon...                                                     
Stopping ifup for usb0...                                                      
Stopping ifup for eth0...                                                      
Stopping Authenticate and Authorize Users to Run Privileged Tasks...           
Stopping LSB: Starts and stops Wicd...                                         
Stopping LSB: SANE network scanner server...                                   
Stopping LSB: Start daemon at boot time...                                     
Stopping LSB: Advanced IEEE 802.11 management daemon...                        
Stopping LSB: Create dynamic part of /etc/motd...                              
Stopping LSB: Run /etc/rc.local if it exist...                                 
Stopping LSB: Start daemon at boot time...                                     
Stopping LSB: Start/stop apache2 web server...                                 
Stopping LSB: Start xrdp and sesman daemons...                                 
Stopping LSB: Log file handling to be done during bootup....                   
Stopping LSB: Light Display Manager...                                         
Stopping LSB: Regular background program processing daemon...                  
Stopping LSB: set CPUFreq kernel parameters...                                 
Stopping LSB: Start busybox udhcpd at boot time...                             
Stopping LSB: OpenBSD Secure Shell server...                                   
Stopping Avahi mDNS/DNS-SD Stack...                                            
Stopping Bonescript autorun...                                                 
Stopping WPA supplicant...                                                     
Stopping Serial Getty on ttyGS0...                                             
Stopping Getty on tty1...                                                      
Stopping Serial Getty on ttyO0...                                              
Stopping Login Service...                                                      
Stopping Console Manager...                                                    
Stopping Daemon for power management...                        Stopped WPA supplicant                                                 [[1;32m  OK  [0m]
Stopped Bonescript autorun                                             [[1;32m  OK  [0m]
Stopped Login Service                                                  [[1;32m  OK  [0m]
Stopped Daemon for power management                                    [[1;32m  OK  [0m]
Stopped System Logging Service                                         [[1;32m  OK  [0m]
Stopped Serial Getty on ttyO0                                          [[1;32m  OK  [0m]
Stopped Authenticate and Authorize Users to Run Privileged Tasks       [[1;32m  OK  [0m]
Stopped Getty on tty1                                                  [[1;32m  OK  [0m]
Stopped Storage Daemon                                                 [[1;32m  OK  [0m]
Stopped Serial Getty on ttyGS0                                         [[1;32m  OK  [0m]
Stopping Permit User Sessions...                                               
Stopped LSB: Start daemon at boot time                                 [[1;32m  OK  [0m]
Stopped Avahi mDNS/DNS-SD Stack                                        [[1;32m  OK  [0m]
Stopped LSB: Advanced IEEE 802.11 management daemon                    [[1;32m  OK  [0m]
Stopped Console Manager                                                [[1;32m  OK  [0m]
Stopped LSB: SANE network scanner server                               [[1;32m  OK  [0m]
Started Save Random Seed                                               [[1;32m  OK  [0m]
saned[1269]: saned disabled; edit /etc/default/saned
Stopped Permit User Sessions                                           [[1;32m  OK  [0m]
Stopped LSB: Start busybox udhcpd at boot time                         [[1;32m  OK  [0m]
Stopped LSB: Log file handling to be done during bootup.               [[1;32m  OK  [0m]
Stopped LSB: Create dynamic part of /etc/motd                          [[1;32m  OK  [0m]
Stopped /media/BEAGLEBONE                                              [[1;32m  OK  [0m]
Stopped ifup for usb0                                                  [[1;32m  OK  [0m]
Stopped /media/rootfs                                                  [[1;32m  OK  [0m]
Stopped ifup for eth0                                                  [[1;32m  OK  [0m]
Stopped LSB: Run /etc/rc.local if it exist                             [[1;32m  OK  [0m]
udhcpd[1282]: Stopping very small Busybox based DHCP server: Stopped /usr/sbin/udhcpd (pid 858).
udhcpd[1282]: udhcpd.
Stopped LSB: set CPUFreq kernel parameters                             [[1;32m  OK  [0m]
Stopping LSB: Load kernel modules needed to enable cpufreq scaling...          
Stopped LSB: Start daemon at boot time                                 [[1;32m  OK  [0m]
Stopped LSB: Load kernel modules needed to enable cpufreq scaling      [[1;32m  OK  [0m]
ssh[1283]: Stopping OpenBSD Secure Shell server: sshd.
Stopped LSB: OpenBSD Secure Shell server                               [[1;32m  OK  [0m]
Stopped LSB: Start xrdp and sesman daemons                             [[1;32m  OK  [0m]
xrdp[1277]: Stopping RDP Session manager : sesman xrdp.
cron[1280]: Stopping periodic command scheduler: cron.
Stopped LSB: Regular background program processing daemon              [[1;32m  OK  [0m]
apache2[1276]: Stopping web server: apache2apache2: Could not reliably determine the server's fully qualified domain name, using 127.0.1.1 for ServerName
lightdm[1279]: Stopping Light Display Manager: lightdm.
Stopped LSB: Light Display Manager                                     [[1;32m  OK  [0m]
Stopping ACPI event daemon...                                                  
Stopped ACPI event daemon                                              [[1;32m  OK  [0m]
apache2[1276]: ... waiting .
Stopped LSB: Start/stop apache2 web server                             [[1;32m  OK  [0m]
wicd[1268]: Stopping Network connection manager: wicd.
Stopped LSB: Starts and stops Wicd                                     [[1;32m  OK  [0m]
Stopping D-Bus System Message Bus...                                           
Stopped D-Bus System Message Bus                                       [[1;32m  OK  [0m]
Starting Console System Reboot Logging...                                      
Stopping LSB: Restore and store ALSA driver settings...                        
Stopping LSB: Raise network interfaces....                                     
Stopping Load Kernel Modules...                                                
Stopped Load Kernel Modules                                            [[1;32m  OK  [0m]
Stopping Apply Kernel Variables...                                             
Stopped Apply Kernel Variables                                         [[1;32m  OK  [0m]
Started Console System Reboot Logging                                  [[1;32m  OK  [0m]
networking[1425]: Deconfiguring network interfaces...done.
Stopped LSB: Raise network interfaces.                                 [[1;32m  OK  [0m]
alsa-utils[1424]: Shutting down ALSA...done.
Stopped LSB: Restore and store ALSA driver settings                    [[1;32m  OK  [0m]
Starting Notify Audit System and Update UTMP about System Shutdown...          
Stopping Remount API VFS...                                                    
Stopped Remount API VFS                                                [[1;32m  OK  [0m]
Stopping User Runtime Directory...                                             
Stopping Remount Root FS...                                                    
Stopped Remount Root FS                                                [[1;32m  OK  [0m]
Sending SIGTERM to remaining processes...
Sending SIGKILL to remaining processes...
Unmounting file systems.
Unmounted /sys/fs/fuse/connections.
Unmounted /dev/mqueue.
Unmounted /sys/kernel/debug.
Unmounted /sys/kernel/security.
[ 1006.760683] EXT4-fs (mmcblk0p2): re-mounted. Opts: (null)
Disabling swaps.
Detaching loop devices.
Detaching DM devices.
[ 1006.800657] (NULL device *): gadget not registered.
[ 1006.813185] musb-hdrc musb-hdrc.0.auto: remove, state 4
[ 1006.818859] usb usb2: USB disconnect, device number 1
[ 1006.824976] musb-hdrc musb-hdrc.0.auto: USB bus 2 deregistered
[ 1006.832039] Disabling non-boot CPUs ...
[ 1006.836214] Restarting system.

U-Boot SPL 2014.07-00016-g329fca9 (Jul 28 2014 - 12:35:02)


U-Boot 2014.07-00016-g329fca9 (Jul 28 2014 - 12:35:02), Build: jenkins-github_Bootloader-Builder-375

I2C:   ready
DRAM:  512 MiB
NAND:  0 MiB
MMC:   OMAP SD/MMC: 0, OMAP SD/MMC: 1
*** Warning - readenv() failed, using default environment

Net:   <ethaddr> not set. Validating first E-fuse MAC
cpsw, usb_ether
Hit any key to stop autoboot:  1  0 
gpio: pin 53 (gpio 53) value is 1
switch to partitions #0, OK
mmc0 is current device
gpio: pin 54 (gpio 54) value is 1
SD/MMC found on device 0
Checking for: /uEnv.txt ...
reading uEnv.txt
685 bytes read in 4 ms (167 KiB/s)
gpio: pin 55 (gpio 55) value is 1
Loaded environment from uEnv.txt
Importing environment from mmc ...
Checking if uenvcmd is set ...
gpio: pin 56 (gpio 56) value is 1
Running uenvcmd ...
772 bytes read in 22 ms (34.2 KiB/s)
5506160 bytes read in 328 ms (16 MiB/s)
** File not found /boot/initrd.img-3.8.13-xuez **
26098 bytes read in 36 ms (707 KiB/s)
Kernel image @ 0x82000000 [ 0x000000 - 0x540470 ]
## Flattened Device Tree blob at 88000000
   Booting using the fdt blob at 0x88000000
   Loading Ramdisk to 8fabf000, end 8ffff470 ... OK
   Loading Device Tree to 8fab5000, end 8fabe5f1 ... OK

Starting kernel ...

Uncompressing Linux... done, booting the kernel.
[    0.000000] Booting Linux on physical CPU 0x0
[    0.000000] Initializing cgroup subsys cpu
[    0.000000] Linux version 3.8.13-xuez (xuez@ubuntu) (gcc version 4.7.3 20130328 (prerelease) (crosstool-NG linaro-1.13.1-4.7-2013.04-20130415 - Linaro GCC 2013.04) ) #2 SMP Thu Oct 16 09:02:31 EDT 2014
[    0.000000] CPU: ARMv7 Processor [413fc082] revision 2 (ARMv7), cr=50c5387d
[    0.000000] CPU: PIPT / VIPT nonaliasing data cache, VIPT aliasing instruction cache
[    0.000000] Machine: Generic AM33XX (Flattened Device Tree), model: TI AM335x BeagleBone
[    0.000000] Memory policy: ECC disabled, Data cache writeback
[    0.000000] AM335X ES2.1 (l2cache sgx neon )
[    0.000000] PERCPU: Embedded 9 pages/cpu @c0d0f000 s14080 r8192 d14592 u36864
[    0.000000] Built 1 zonelists in Zone order, mobility grouping on.  Total pages: 129792
[    0.000000] Kernel command line: console=tty0 console=ttyO0,115200n8 root=/dev/mmcblk0p2 rootfstype=ext4 rootwait fixrtc init=/lib/systemd/systemd
[    0.000000] PID hash table entries: 2048 (order: 1, 8192 bytes)
[    0.000000] Dentry cache hash table entries: 65536 (order: 6, 262144 bytes)
[    0.000000] Inode-cache hash table entries: 32768 (order: 5, 131072 bytes)
[    0.000000] __ex_table already sorted, skipping sort
[    0.000000] allocated 1048576 bytes of page_cgroup
[    0.000000] please try 'cgroup_disable=memory' option if you don't want memory cgroups
[    0.000000] Memory: 511MB = 511MB total
[    0.000000] Memory: 503020k/503020k available, 21268k reserved, 0K highmem
[    0.000000] Virtual kernel memory layout:
[    0.000000]     vector  : 0xffff0000 - 0xffff1000   (   4 kB)
[    0.000000]     fixmap  : 0xfff00000 - 0xfffe0000   ( 896 kB)
[    0.000000]     vmalloc : 0xe0800000 - 0xff000000   ( 488 MB)
[    0.000000]     lowmem  : 0xc0000000 - 0xe0000000   ( 512 MB)
[    0.000000]     pkmap   : 0xbfe00000 - 0xc0000000   (   2 MB)
[    0.000000]     modules : 0xbf800000 - 0xbfe00000   (   6 MB)
[    0.000000]       .text : 0xc0008000 - 0xc07bfe08   (7904 kB)
[    0.000000]       .init : 0xc07c0000 - 0xc07fd700   ( 246 kB)
[    0.000000]       .data : 0xc07fe000 - 0xc0885740   ( 542 kB)
[    0.000000]        .bss : 0xc0885740 - 0xc08feec0   ( 486 kB)
[    0.000000] Hierarchical RCU implementation.
[    0.000000] 	RCU restricting CPUs from NR_CPUS=4 to nr_cpu_ids=1.
[    0.000000] NR_IRQS:0 nr_irqs:0 0
[    0.000000] IRQ: Found an INTC at 0xfa200000 (revision 5.0) with 128 interrupts
[    0.000000] Total of 128 interrupts on 1 active controller
[    0.000000] OMAP clockevent source: GPTIMER1 at 24000000 Hz
[    0.000000] sched_clock: 32 bits at 24MHz, resolution 41ns, wraps every 178956ms
[    0.000000] OMAP clocksource: GPTIMER2 at 24000000 Hz
[    0.000000] Console: colour dummy device 80x30
[    0.000000] console [tty0] enabled
[    0.000639] Calibrating delay loop... 993.47 BogoMIPS (lpj=969728)
[    0.029194] pid_max: default: 32768 minimum: 301
[    0.029336] Security Framework initialized
[    0.029397] Mount-cache hash table entries: 512
[    0.035168] Initializing cgroup subsys cpuacct
[    0.035212] Initializing cgroup subsys memory
[    0.035260] Initializing cgroup subsys blkio
[    0.035354] CPU: Testing write buffer coherency: ok
[    0.035744] CPU0: thread -1, cpu 0, socket -1, mpidr 0
[    0.035810] Setting up static identity map for 0x804a3db8 - 0x804a3e04
[    0.036737] Brought up 1 CPUs
[    0.036764] SMP: Total of 1 processors activated (993.47 BogoMIPS).
[    0.037571] devtmpfs: initialized
[    0.046000] omap_hwmod: wd_timer2: _wait_target_disable failed
[    0.098155] pinctrl core: initialized pinctrl subsystem
[    0.098306] rstctl core: initialized rstctl subsystem
[    0.098602] regulator-dummy: no parameters
[    0.098928] NET: Registered protocol family 16
[    0.099540] DMA: preallocated 256 KiB pool for atomic coherent allocations
[    0.105131] pinctrl-single 44e10800.pinmux: 142 pins at pa f9e10800 size 568
[    0.105739] platform 49000000.edma: alias fck already exists
[    0.105768] platform 49000000.edma: alias fck already exists
[    0.105789] platform 49000000.edma: alias fck already exists
[    0.106493] OMAP GPIO hardware version 0.1
[    0.108969] gpio-rctrl rstctl.4: loaded OK
[    0.112256] No ATAGs?
[    0.112280] hw-breakpoint: debug architecture 0x4 unsupported.
[    0.113587] cpsw.0: No hwaddr in dt. Using 1c:ba:8c:97:3e:8b from efuse
[    0.113623] cpsw.1: No hwaddr in dt. Using 1c:ba:8c:97:3e:8d from efuse
[    0.121805] bio: create slab <bio-0> at 0
[    0.128191] edma-dma-engine edma-dma-engine.0: TI EDMA DMA engine driver
[    0.128491] vmmcsd_fixed: 3300 mV 
[    0.130074] SCSI subsystem initialized
[    0.130338] usbcore: registered new interface driver usbfs
[    0.130409] usbcore: registered new interface driver hub
[    0.130618] usbcore: registered new device driver usb
[    0.131870] omap_i2c 44e0b000.i2c: bus 0 rev0.11 at 400 kHz
[    0.132861] input: tps65217_pwr_but as /devices/ocp.3/44e0b000.i2c/i2c-0/0-0024/input/input0
[    0.134130] DCDC1: at 1500 mV 
[    0.135001] vdd_mpu: 925 <--> 1325 mV at 1325 mV 
[    0.135827] vdd_core: 925 <--> 1150 mV at 1125 mV 
[    0.136662] LDO1: at 1800 mV 
[    0.137463] LDO2: at 3300 mV 
[    0.138952] LDO3: 1800 mV 
[    0.139764] LDO4: at 3300 mV 
[    0.140486] tps65217 0-0024: TPS65217 ID 0xe version 1.2
[    0.140988] omap_i2c 44e0b000.i2c: unable to select pin group
[    0.141471] omap_i2c 4819c000.i2c: bus 1 rev0.11 at 100 kHz
[    0.142921] omap_i2c 4819c000.i2c: unable to select pin group
[    0.143087] media: Linux media interface: v0.10
[    0.143158] Linux video capture interface: v2.00
[    0.143236] pps_core: LinuxPPS API ver. 1 registered
[    0.143252] pps_core: Software ver. 5.3.6 - Copyright 2005-2007 Rodolfo Giometti <giometti@linux.it>
[    0.143666] Advanced Linux Sound Architecture Driver Initialized.
[    0.144265] NetLabel: Initializing
[    0.144288] NetLabel:  domain hash size = 128
[    0.144300] NetLabel:  protocols = UNLABELED CIPSOv4
[    0.144372] NetLabel:  unlabeled traffic allowed by default
[    0.144678] Switching to clocksource gp_timer
[    0.176123] NET: Registered protocol family 2
[    0.176780] TCP established hash table entries: 4096 (order: 3, 32768 bytes)
[    0.176872] TCP bind hash table entries: 4096 (order: 4, 81920 bytes)
[    0.176975] TCP: Hash tables configured (established 4096 bind 4096)
[    0.177047] TCP: reno registered
[    0.177068] UDP hash table entries: 256 (order: 1, 12288 bytes)
[    0.177101] UDP-Lite hash table entries: 256 (order: 1, 12288 bytes)
[    0.177344] NET: Registered protocol family 1
[    0.177745] RPC: Registered named UNIX socket transport module.
[    0.177770] RPC: Registered udp transport module.
[    0.177784] RPC: Registered tcp transport module.
[    0.177798] RPC: Registered tcp NFSv4.1 backchannel transport module.
[    0.178134] Trying to unpack rootfs image as initramfs...
[    0.178419] rootfs image is not initramfs (junk in compressed archive); looks like an initrd
[    0.203749] Freeing initrd memory: 5376K
[    0.204154] hw perfevents: enabled with ARMv7 Cortex-A8 PMU driver, 5 counters available
[    0.204430] CPU PMU: attempt to register multiple PMU devices!
[    0.204464] arm-pmu: probe of arm-pmu failed with error -28
[    0.204800] omap2_mbox_probe: platform not supported
[    0.356728] VFS: Disk quotas dquot_6.5.2
[    0.356897] Dquot-cache hash table entries: 1024 (order 0, 4096 bytes)
[    0.357616] NFS: Registering the id_resolver key type
[    0.357765] Key type id_resolver registered
[    0.357785] Key type id_legacy registered
[    0.358069] fuse init (API version 7.20)
[    0.358466] Btrfs loaded
[    0.358582] msgmni has been set to 992
[    0.360262] Block layer SCSI generic (bsg) driver version 0.4 loaded (major 249)
[    0.360302] io scheduler noop registered
[    0.360317] io scheduler deadline registered
[    0.360346] io scheduler cfq registered (default)
[    0.361437] tps65217-bl tps65217-bl: no platform data provided
[    0.361477] tps65217-bl: probe of tps65217-bl failed with error -22
[    0.362055] Serial: 8250/16550 driver, 4 ports, IRQ sharing enabled
[    0.363363] omap_uart 44e09000.serial: did not get pins for uart0 error: -19
[    0.363714] 44e09000.serial: ttyO0 at MMIO 0x44e09000 (irq = 72) is a OMAP UART0
[    1.133809] console [ttyO0] enabled
[    1.138123] [drm] Initialized drm 1.1.0 20060810
[    1.150305] brd: module loaded
[    1.157308] loop: module loaded
[    1.160735] at24 0-0050: 32768 byte 24c256 EEPROM, writable, 1 bytes/write
[    1.167999] at24 1-0054: 32768 byte 24c256 EEPROM, writable, 1 bytes/write
[    1.175327] at24 1-0055: 32768 byte 24c256 EEPROM, writable, 1 bytes/write
[    1.182602] at24 1-0056: 32768 byte 24c256 EEPROM, writable, 1 bytes/write
[    1.189854] at24 1-0057: 32768 byte 24c256 EEPROM, writable, 1 bytes/write
[    1.203807] bone-capemgr bone_capemgr.9: Baseboard: 'A335BNLT,000C,1914BBBK2189'
[    1.211591] bone-capemgr bone_capemgr.9: compatible-baseboard=ti,beaglebone-black
[    1.250227] bone-capemgr bone_capemgr.9: slot #0: No cape found
[    1.287333] bone-capemgr bone_capemgr.9: slot #1: No cape found
[    1.324441] bone-capemgr bone_capemgr.9: slot #2: No cape found
[    1.361551] bone-capemgr bone_capemgr.9: slot #3: No cape found
[    1.367785] bone-capemgr bone_capemgr.9: slot #4: specific override
[    1.374372] bone-capemgr bone_capemgr.9: bone: Using override eeprom data at slot 4
[    1.382387] bone-capemgr bone_capemgr.9: slot #4: 'Bone-LT-eMMC-2G,00A0,Texas Instrument,BB-BONE-EMMC-2G'
[    1.392470] bone-capemgr bone_capemgr.9: slot #5: specific override
[    1.399038] bone-capemgr bone_capemgr.9: bone: Using override eeprom data at slot 5
[    1.407050] bone-capemgr bone_capemgr.9: slot #5: 'Bone-Black-HDMI,00A0,Texas Instrument,BB-BONELT-HDMI'
[    1.417033] bone-capemgr bone_capemgr.9: slot #6: specific override
[    1.423611] bone-capemgr bone_capemgr.9: bone: Using override eeprom data at slot 6
[    1.431620] bone-capemgr bone_capemgr.9: slot #6: 'Bone-Black-HDMIN,00A0,Texas Instrument,BB-BONELT-HDMIN'
[    1.442032] bone-capemgr bone_capemgr.9: loader: before slot-4 BB-BONE-EMMC-2G:00A0 (prio 1)
[    1.450893] bone-capemgr bone_capemgr.9: loader: check slot-4 BB-BONE-EMMC-2G:00A0 (prio 1)
[    1.459714] bone-capemgr bone_capemgr.9: loader: before slot-5 BB-BONELT-HDMI:00A0 (prio 1)
[    1.468471] bone-capemgr bone_capemgr.9: loader: check slot-5 BB-BONELT-HDMI:00A0 (prio 1)
[    1.477148] bone-capemgr bone_capemgr.9: initialized OK.
[    1.482729] bone-capemgr bone_capemgr.9: loader: before slot-6 BB-BONELT-HDMIN:00A0 (prio 2)
[    1.491558] bone-capemgr bone_capemgr.9: loader: check slot-6 BB-BONELT-HDMIN:00A0 (prio 2)
[    1.501728] OneNAND driver initializing
[    1.506694] usbcore: registered new interface driver cdc_ether
[    1.512856] bone-capemgr bone_capemgr.9: loader: after slot-4 BB-BONE-EMMC-2G:00A0 (prio 1)
[    1.521658] usbcore: registered new interface driver rndis_host
[    1.527914] bone-capemgr bone_capemgr.9: loader: after slot-5 BB-BONELT-HDMI:00A0 (prio 1)
[    1.536585] bone-capemgr bone_capemgr.9: loader: check slot-6 BB-BONELT-HDMIN:00A0 (prio 2)
[    1.545409] usbcore: registered new interface driver cdc_ncm
[    1.551367] bone-capemgr bone_capemgr.9: slot #4: Requesting firmware 'cape-bone-2g-emmc1.dtbo' for board-name 'Bone-LT-eMMC-2G', version '00A0'
[    1.565402] usbcore: registered new interface driver cdc_acm
[    1.571358] cdc_acm: USB Abstract Control Model driver for USB modems and ISDN adapters
[    1.579734] Initializing USB Mass Storage driver...
[    1.584861] bone-capemgr bone_capemgr.9: slot #4: dtbo 'cape-bone-2g-emmc1.dtbo' loaded; converting to live tree
[    1.595557] bone-capemgr bone_capemgr.9: slot #5: Requesting firmware 'cape-boneblack-hdmi-00A0.dtbo' for board-name 'Bone-Black-HDMI', version '00A0'
[    1.609739] usbcore: registered new interface driver usb-storage
[    1.616033] USB Mass Storage support registered.
[    1.621064] bone-capemgr bone_capemgr.9: slot #4: #2 overlays
[    1.627656] bone-capemgr bone_capemgr.9: slot #4: Applied #2 overlays.
[    1.634538] bone-capemgr bone_capemgr.9: loader: done slot-4 BB-BONE-EMMC-2G:00A0 (prio 1)
[    1.643218] bone-capemgr bone_capemgr.9: loader: check slot-6 BB-BONELT-HDMIN:00A0 (prio 2)
[    1.651991] bone-capemgr bone_capemgr.9: slot #5: dtbo 'cape-boneblack-hdmi-00A0.dtbo' loaded; converting to live tree
[    1.663329] musb-hdrc: version 6.0, ?dma?, otg (peripheral+host)
[    1.669896] musb-hdrc musb-hdrc.0.auto: pdev->id = 0
[    1.675132] musb-hdrc musb-hdrc.0.auto: drivers/usb/musb/musb_dsps.c:480 dsps_musb_init: OK
[    1.684437] bone-capemgr bone_capemgr.9: slot #5: #4 overlays
[    1.691908] platform 4830e000.fb: alias fck already exists
[    1.697893] musb-hdrc musb-hdrc.0.auto: *** mode=3
[    1.702949] musb-hdrc musb-hdrc.0.auto: *** power=250
[    1.709151] bone-capemgr bone_capemgr.9: slot #5: Applied #4 overlays.
[    1.716049] bone-capemgr bone_capemgr.9: loader: done slot-5 BB-BONELT-HDMI:00A0 (prio 1)
[    1.724644] bone-capemgr bone_capemgr.9: loader: check slot-6 BB-BONELT-HDMIN:00A0 (prio 2)
[    1.733856] musb-hdrc musb-hdrc.1.auto: pdev->id = 1
[    1.739094] musb-hdrc musb-hdrc.1.auto: drivers/usb/musb/musb_dsps.c:480 dsps_musb_init: OK
[    1.747929] bone-capemgr bone_capemgr.9: loader: after slot-6 BB-BONELT-HDMIN:00A0 (prio 2)
[    1.756843] musb-hdrc musb-hdrc.1.auto: *** mode=1
[    1.761879] musb-hdrc musb-hdrc.1.auto: *** power=250
[    1.767171] musb-hdrc musb-hdrc.1.auto: MUSB HDRC host driver
[    1.773223] bone-capemgr bone_capemgr.9: slot #6: Requesting firmware 'cape-boneblack-hdmin-00A0.dtbo' for board-name 'Bone-Black-HDMIN', version '00A0'
[    1.787737] musb-hdrc musb-hdrc.1.auto: new USB bus registered, assigned bus number 1
[    1.796113] usb usb1: New USB device found, idVendor=1d6b, idProduct=0002
[    1.803238] usb usb1: New USB device strings: Mfr=3, Product=2, SerialNumber=1
[    1.810800] usb usb1: Product: MUSB HDRC host driver
[    1.816000] usb usb1: Manufacturer: Linux 3.8.13-xuez musb-hcd
[    1.822115] usb usb1: SerialNumber: musb-hdrc.1.auto
[    1.827357] bone-capemgr bone_capemgr.9: slot #6: dtbo 'cape-boneblack-hdmin-00A0.dtbo' loaded; converting to live tree
[    1.839251] hub 1-0:1.0: USB hub found
[    1.843234] hub 1-0:1.0: 1 port detected
[    1.847559] bone-capemgr bone_capemgr.9: slot #6: BB-BONELT-HDMIN conflict P8.45 (#5:BB-BONELT-HDMI)
[    1.857127] bone-capemgr bone_capemgr.9: slot #6: Failed verification
[    1.863876] bone-capemgr bone_capemgr.9: loader: failed to load slot-6 BB-BONELT-HDMIN:00A0 (prio 2)
[    1.874217] mousedev: PS/2 mouse device common for all mice
[    1.881702] omap_rtc 44e3e000.rtc: rtc core: registered 44e3e000.rtc as rtc0
[    1.889197] 44e3e000.rtc: already running
[    1.893594] i2c /dev entries driver
[    1.898384] pps_ldisc: PPS line discipline registered
[    1.903837] Driver for 1-wire Dallas network protocol.
[    1.910441] omap_wdt: OMAP Watchdog Timer Rev 0x01: initial timeout 60 sec
[    1.918102] device-mapper: ioctl: 4.23.1-ioctl (2012-12-18) initialised: dm-devel@redhat.com
[    1.927021] cpuidle: using governor ladder
[    1.931340] cpuidle: using governor menu
[    1.935773] omap_hsmmc mmc.5: of_parse_phandle_with_args of 'reset' failed
[    1.942982] omap_hsmmc mmc.5: Failed to get rstctl; not using any
[    1.949669] edma-dma-engine edma-dma-engine.0: allocated channel for 0:25
[    1.956839] edma-dma-engine edma-dma-engine.0: allocated channel for 0:24
[    1.964114] mmc.5 supply vmmc_aux not found, using dummy regulator
[    1.970949] omap_hsmmc mmc.5: pins are not configured from the driver
[    2.004383] gpio-rctrl rstctl.4: gpio_rctrl_request eMMC_RSTn
[    2.010546] omap_hsmmc mmc.11: Got rstctl (gpio:#0 name eMMC_RSTn) label:eMMC_RSTn
[    2.018519] gpio-rctrl rstctl.4: gpio_rctrl_deassert eMMC_RSTn
[    2.024857] edma-dma-engine edma-dma-engine.0: allocated channel for 0:3
[    2.031955] edma-dma-engine edma-dma-engine.0: allocated channel for 0:2
[    2.039336] mmc.11 supply vmmc_aux not found, using dummy regulator
[    2.046026] omap_hsmmc mmc.11: pins are not configured from the driver
[    2.080621] pinctrl-single 44e10800.pinmux: pin 44e10854 already requested by 44e10800.pinmux; cannot claim for gpio-leds.8
[    2.092290] pinctrl-single 44e10800.pinmux: pin-21 (gpio-leds.8) status -22
[    2.099573] pinctrl-single 44e10800.pinmux: could not request pin 21 on device pinctrl-single
[    2.108522] leds-gpio gpio-leds.8: pins are not configured from the driver
[    2.116489] ledtrig-cpu: registered to indicate activity on CPUs
[    2.123056] edma-dma-engine edma-dma-engine.0: allocated channel for 0:36
[    2.130231] omap-sham 53100000.sham: hw accel on OMAP rev 4.3
[    2.137585] omap-aes 53500000.aes: OMAP AES hw accel rev: 3.2
[    2.143809] edma-dma-engine edma-dma-engine.0: allocated channel for 0:5
[    2.150968] edma-dma-engine edma-dma-engine.0: allocated channel for 0:6
[    2.160994] usbcore: registered new interface driver usbhid
[    2.166887] usbhid: USB HID core driver
[    2.171861] ashmem: initialized
[    2.175524] logger: created 256K log 'log_main'
[    2.180537] logger: created 256K log 'log_events'
[    2.185795] logger: created 256K log 'log_radio'
[    2.190674] mmc0: host does not support reading read-only switch. assuming write-enable.
[    2.199337] logger: created 256K log 'log_system'
[    2.206910] davinci_evm sound.14:  nxp-hdmi-hifi <-> 48038000.mcasp mapping ok
[    2.214699] mmc0: new high speed SDHC card at address e624
[    2.220942] mmcblk0: mmc0:e624 SS08G 7.40 GiB 
[    2.227620] TCP: cubic registered
[    2.231845] NET: Registered protocol family 10
[    2.236665]  mmcblk0: p1 p2
[    2.241306] NET: Registered protocol family 17
[    2.246489] Key type dns_resolver registered
[    2.251160] VFP support v0.3: implementor 41 architecture 3 part 30 variant c rev 3
[    2.259250] ThumbEE CPU extension supported.
[    2.263757] Registering SWP/SWPB emulation handler
[    2.269363] registered taskstats version 1
[    2.275369] tilcdc 4830e000.fb: No power control GPIO
[    2.320454] mmc1: BKOPS_EN bit is not set
[    2.328533] mmc1: new high speed MMC card at address 0001
[    2.334868] mmcblk1: mmc1:0001 MMC04G 3.60 GiB 
[    2.339871] mmcblk1boot0: mmc1:0001 MMC04G partition 1 2.00 MiB
[    2.346330] mmcblk1boot1: mmc1:0001 MMC04G partition 2 2.00 MiB
[    2.353533]  mmcblk1: p1
[    2.357736]  mmcblk1boot1: unknown partition table
[    2.364139]  mmcblk1boot0: unknown partition table
[    2.389396] tilcdc 4830e000.fb: found TDA19988
[    2.394646] [drm] Supports vblank timestamp caching Rev 1 (10.10.2010).
[    2.401587] [drm] No driver support for vblank timestamp query.
[    2.408063] tilcdc 4830e000.fb: No connectors reported connected with modes
[    2.415369] [drm] Cannot find any crtc or sizes - going 1024x768
[    2.430525] Console: switching to colour frame buffer device 128x48
[    2.442845] tilcdc 4830e000.fb: fb0:  frame buffer device
[    2.448558] tilcdc 4830e000.fb: registered panic notifier
[    2.454278] [drm] Initialized tilcdc 1.0.0 20121205 on minor 0
[    2.508053] davinci_mdio 4a101000.mdio: davinci mdio revision 1.6
[    2.514558] davinci_mdio 4a101000.mdio: detected phy mask fffffffe
[    2.522148] libphy: 4a101000.mdio: probed
[    2.526464] davinci_mdio 4a101000.mdio: phy[0]: device 4a101000.mdio:00, driver SMSC LAN8710/LAN8720
[    2.536310] Detected MACID = 1c:ba:8c:97:3e:8b
[    2.540973] cpsw 4a100000.ethernet: NAPI disabled
[    2.547405] omap_rtc 44e3e000.rtc: setting system clock to 2014-09-04 00:03:38 UTC (1409789018)
[    2.561356] ALSA device list:
[    2.564581]   #0: TI BeagleBone Black
[    2.569079] RAMDISK: Couldn't find valid RAM disk image starting at 0.
[    2.592915] EXT4-fs (mmcblk0p2): mounted filesystem with ordered data mode. Opts: (null)
[    2.604071] VFS: Mounted root (ext4 filesystem) readonly on device 179:2.
[    2.615885] devtmpfs: mounted
[    2.621912] Freeing init memory: 244K

Welcome to [1;31mDebian GNU/Linux 7 (wheezy)[0m!

Starting udev Kernel Device Manager...                                         
Starting Security File System...                                               
Started Huge Pages File System                                         [[1;32m  OK  [0m]
Starting Load Kernel Modules...                                                
Starting Debug File System...                                                  
Started Set Up Additional Binary Formats                               [[1;32m  OK  [0m]
Starting Apply Kernel Variables...                                             
Starting POSIX Message Queue File System...                                    
Starting User Runtime Directory...                                             
Starting Lock Directory...                                                     
Starting File System Check on Root Device...                                   
Starting udev Coldplug all Devices...                                          
Starting Journal Service...                                                    
Started Journal Service                                                [[1;32m  OK  [0m]
Starting Remount API VFS...                                                    
Started Load Kernel Modules                                            [[1;32m  OK  [0m]
Started Security File System                                           [[1;32m  OK  [0m]
Started Debug File System                                              [[1;32m  OK  [0m]
Started Configuration File System                                      [[1;32m  OK  [0m]
Starting FUSE Control File System...                                           
Started Lock Directory                                                 [[1;32m  OK  [0m]
Started User Runtime Directory                                         [[1;32m  OK  [0m]
Started POSIX Message Queue File System                                [[1;32m  OK  [0m]
Started Apply Kernel Variables                                         [[1;32m  OK  [0m]
Started FUSE Control File System                                       [[1;32m  OK  [0m]
Started Remount API VFS                                                [[1;32m  OK  [0m]
systemd-fsck[100]: rootfs: clean, 82956/230608 files, 468761/922368 blocks
Started File System Check on Root Device                               [[1;32m  OK  [0m]
Started udev Ker[    3.798066] udevd[121]: starting version 175
nel Device Manager                                     [[1;32m  OK  [0m]
Starting LSB: Set preliminary keymap...                                        
Starting LSB: Tune IDE hard disks...                                           
hdparm[127]: Setting parameters of disc: (none).
Started LSB: Tune IDE hard disks                                       [[1;32m  OK  [0m]
Started udev Coldplug all Devices                                      [[1;32m  OK  [0m]
keyboard-setup[126]: Setting preliminary keymap...done.
Started LSB: Set preliminary keymap                                    [[1;32m  OK  [0m]
Starting Remount Root FS...                                                    
[    4.736520] EXT4-fs (mmcblk0p2): re-mounted. Opts: errors=remount-ro
Started Remount Root FS                                                [[1;32m  OK  [0m]
Started Various fixups to make systemd work better on Debian           [[1;32m  OK  [0m]
Started Lock Directory                                                 [[1;32m  OK  [0m]
Started Runtime Directory                                              [[1;32m  OK  [0m]
Starting LSB: Restore resolv.conf if the system crashed....                    
Starting Recreate Volatile Files and Directories...                            
Starting Load Random Seed...                                                   
Starting LSB: Restore and store ALSA driver settings...                        
Starting LSB: Prepare console...                                               
Starting LSB: screen sessions cleaning...                                      
Started Load Random Seed                                               [[1;32m  OK  [0m]
Started LSB: Restore resolv.conf if the system crashed.                [[1;32m  OK  [0m]
Starting LSB: Raise network interfaces....                                     
Started Recreate Volatile Files and Directories                        [[1;32m  OK  [0m]
kbd[197]: Setting console screen modes.
Started LSB: screen sessions cleaning                                  [[1;32m  OK  [0m]
alsa-utils[196]: Setting up ALSA...done.
Started LSB: Restore and store ALSA driver settings                    [[1;32m  OK  [0m]
kbd[197]: Skipping font and keymap setup (handled by console-setup).
Started LSB: Prepare console                                           [[1;32m  OK  [0m]
Starting LSB: Set console font and keymap...                                   
[    5.868425] omap_rng 48310000.rng: base address of priv is -97452032
[    6.206103] omap_rng 48310000.rng: OMAP Random Number Generator ver. 20
networking[208]: Configuring network interfaces...done.
Started LSB: Raise network interfaces.                                 [[1;32m  OK  [0m]
console-setup[245]: Setting up console font and keymap...done.
Started LSB: Set console font and keymap                               [[1;32m  OK  [0m]
Started Automatically Enable Systemd Units                             [[1;32m  OK  [0m]
Starting Console System Startup Logging...                                     
Starting LSB: Advanced IEEE 802.11 management daemon...                        
Starting LSB: Start daemon at boot time...                                     
Starting LSB: Start busybox udhcpd at boot time...                             
Starting LSB: Log file handling to be done during bootup....                   
Starting LSB: Start/stop apache2 web server...                                 
Starting LSB: Create dynamic part of /etc/motd...                              
Starting LSB: Start daemon at boot time...                                     
Starting Avahi mDNS/DNS-SD Stack...                                            
Starting LSB: Start xrdp and sesman daemons...                                 
Starting LSB: OpenBSD Secure Shell server...                                   
Started fast remote file copy program daemon                           [[1;32m  OK  [0m]
Starting LSB: Regular background program processing daemon...                  
Starting ACPI event daemon...                                                  
Started ACPI event daemon                                              [[1;32m  OK  [0m]
Starting Provide limited super user privileges to specific users...            
Starting LSB: Run /etc/rc.local if it exist...                                 
Starting D-Bus System Message Bus...                                           
Started D-Bus System Message Bus                                       [[1;32m  OK  [0m]
Starting LSB: Starts and stops Wicd...                                         
Starting LSB: SANE network scanner server...                                   
Starting LSB: Light Display Manager...                                         
Starting LSB: Load kernel modules needed to enable cpufreq scaling...          
Starting Bonescript autorun...                                                 
Started Bonescript autorun                                             [[1;32m  OK  [0m]
Starting WPA supplicant...                                                     
Starting Permit User Sessions...                                               
Starting Login Service...                                                      
Starting Console Manager...                                                    
Starting Daemon for power management...                                        
Starting System Logging Service...                                             
Started System Logging Service                                         [[1;32m  OK  [0m]
Started Console System Startup Logging                                 [[1;32m  OK  [0m]
Started LSB: Advanced IEEE 802.11 management daemon                    [[1;32m  OK  [0m]
saned[427]: saned disabled; edit /etc/default/saned
Started LSB: SANE network scanner server                               [[1;32m  OK  [0m]
Started LSB: Create dynamic part of /etc/motd                          [[1;32m  OK  [0m]
Started Permit User Sessions                                           [[1;32m  OK  [0m]
Starting Serial Getty on ttyO0...                                              
Started Serial Getty on ttyO0                                          [[1;32m  OK  [0m]
Started LSB: Start busybox udhcpd at boot time                         [[1;32m  OK  [0m]
Started Provide limited super user privileges to specific users        [[1;32m  OK  [0m]
Started LSB: Run /etc/rc.local if it exist                             [[1;32m  OK  [0m]
udhcpd[402]: Starting very small Busybox based DHCP server: udhcpd.
Started LSB: Start daemon at boot time                                 [[1;32m  OK  [0m]
Started LSB: Start daemon at boot time                                 [[1;32m  OK  [0m]
lightdm[428]: Starting Light Display Manager: lightdm.
Started LSB: Light Display Manager                                     [[1;32m  OK  [0m]
Started Avahi mDNS/DNS-SD Stack                                        [[1;32m  OK  [0m]
Started Login Service                                                  [[1;32m  OK  [0m]
Started WPA supplicant                                                 [[1;32m  OK  [0m]
Started Daemon for power management                                    [[1;32m  OK  [0m]

Debian GNU/Linux 7 beaglebone ttyO0

default username:password is [debian:temppwd]

Support/FAQ: http://elinux.org/Beagleboard:BeagleBoneBlack_DebiaStarting Authenticate and Authorize Users to Run Privileged Tasks...           
n

The IP Address for usb0 is: 192.168.7.2
beaglebone login: xrdp[409]: Starting Remote Desktop Protocol server : xrdp sesman.
Started LSB: Start xrdp and sesman daemons                             [[1;32m  OK  [0m]
Started LSB: Regular background program processing daemon              [[1;32m  OK  [0m]
cron[415]: Starting periodic command scheduler: cron.
Started LSB: OpenBSD Secure Shell server                               [[1;32m  OK  [0m]
ssh[412]: Starting OpenBSD Secure Shell server: sshd.
apache2[404]: Starting web server: apache2apache2: Could not reliably determine the server's fully qualified domain name, using 127.0.1.1 for ServerName
loadcpufreq[429]: Loading cpufreq kernel modules...done (none).
Started LSB: Load kernel modules needed to enable cpufreq scaling      [[1;32m  OK  [0m]
Starting LSB: set CPUFreq kernel parameters...                                 
[    9.975635]  gadget: using random self ethernet address
[   10.053774] usb0: MAC 0e:25:6c:4b:79:ca
[   10.060694] usb0: HOST MAC 1c:ba:8c:97:3e:8d
[   10.078433]  gadget: Mass Storage Function, version: 2009/09/11
[   10.087602]  gadget: Number of LUNs=1
Started Authenticate and Authorize Users to Run Privileged Tasks       [[1;32m  OK  [0m]
Started LSB: Log file handling to be done during bootup.               [[1;32m  OK  [0m]
[   10.222145]  lun0: LUN: removable file: /dev/mmcblk0p1
[   10.305093]  gadget: Multifunction Composite Gadget
Started Console Manager                                                [[1;32m  OK  [0m]
apache2[404]: .
Started LSB: Start/stop apache2 web server                             [[1;32m  OK  [0m]
[   10.400763]  gadget: g_multi ready
[   10.453704] musb-hdrc musb-hdrc.0.auto: MUSB HDRC host driver
cpufrequtils[678]: CPUFreq Utilities: Setting ondemand CPUFreq governor...CPU0...done.
Started LSB: set CPUFreq kernel parameters                             [[1;32m  OK  [0m]
[   10.559056] musb-hdrc musb-hdrc.0.auto: new USB bus registered, assigned bus number 2
[   10.559182] usb usb2: New USB device found, idVendor=1d6b, idProduct=0002
[   10.559189] usb usb2: New USB device strings: Mfr=3, Product=2, SerialNumber=1
[   10.559195] usb usb2: Product: MUSB HDRC host driver
[   10.559201] usb usb2: Manufacturer: Linux 3.8.13-xuez musb-hcd
[   10.559206] usb usb2: SerialNumber: musb-hdrc.0.auto
[   10.561679] hub 2-0:1.0: USB hub found
[   10.561701] hub 2-0:1.0: 1 port detected
[   10.789436] CAUTION: musb: Babble Interrupt Occurred
[   11.422331] CAUTION: musb: Babble Interrupt Occurred
Starting ifup for eth0...                                                      
Started ifup for eth0                                                  [[1;32m  OK  [0m]
[   11.803077] CAUTION: musb: Babble Interrupt Occurred
[   11.963655] CAUTION: musb: Babble Interrupt Occurred
[   12.145786]  gadget: high-speed config #1: Multifunction with RNDIS
Starting Getty on tty1...                                                      
Started Getty on tty1                                                  [[1;32m  OK  [0m]
Starting Serial Getty on ttyGS0...                                             
Started Serial Getty on ttyGS0                                         [[1;32m  OK  [0m]
Starting ifup for usb0...                                                      
Started ifup for usb0                                                  [[1;32m  OK  [0m]
wicd[426]: Starting Network connection manager: wicd.
Started LSB: Starts and stops Wicd                                     [[1;32m  OK  [0m]
Starting Notify Audit System and Update UTMP about System Runlevel Changes...  
[   23.070467] EXT4-fs (mmcblk1p1): mounted filesystem with ordered data mode. Opts: (null)
[   23.185853] net eth0: initializing cpsw version 1.12 (0)
[   23.199982] net eth0: phy found : id is : 0x7c0f1
[   23.209276] libphy: PHY 4a101000.mdio:01 not found
[   23.214340] net eth0: phy 4a101000.mdio:01 not found on slave 1
[   23.235631] IPv6: ADDRCONF(NETDEV_UP): eth0: link is not ready

Debian GNU/Linux 7 beaglebone ttyO0

default username:password is [debian:temppwd]

Support/FAQ: http://elinux.org/Beagleboard:BeagleBoneBlack_Debian

The IP Address for usb0 is: 192.168.7.2
beaglebone login: root
Last login: Thu Oct 16 14:14:56 UTC 2014 on ttyO0
Linux beaglebone 3.8.13-xuez #2 SMP Thu Oct 16 09:02:31 EDT 2014 armv7l

The programs included with the Debian GNU/Linux system are free software;
the exact distribution terms for each program are described in the
individual files in /usr/share/doc/*/copyright.

Debian GNU/Linux comes with ABSOLUTELY NO WARRANTY, to the extent
permitted by applicable law.
root@beaglebone:~# 